// Jest Snapshot v1, https://goo.gl/fbAQLP

exports[`<MessageList /> renders correctly 1`] = `
<ul>
  <li>
    Message 1
  </li>
  <li>
    Message 2
  </li>
  <li>
    Message 3
  </li>
</ul>
`;
